// Vitest Snapshot v1, https://vitest.dev/guide/snapshot.html

exports[`todo test > snapshot testing 1`] = `
<div>
  <div
    class="min-h-screen bg-gray-100 py-8"
  >
    <div
      class="max-w-md mx-auto bg-white rounded-lg shadow-md p-6"
    >
      <h1
        class="text-2xl font-bold text-gray-800 mb-6 text-center"
      >
        Todo App
      </h1>
      <div
        class="flex mb-4"
      >
        <input
          aria-label="textTodo"
          class="flex-1 px-4 py-2 border border-gray-300 rounded-l-lg focus:outline-none focus:ring-2 focus:ring-blue-500"
          data-testid="inputTodo"
          name="textTodo"
          placeholder="Add a new todo..."
          type="text"
          value=""
        />
        <button
          class="px-6 py-2 bg-blue-500 text-white rounded-r-lg hover:bg-blue-600 focus:outline-none focus:ring-2 focus:ring-blue-500"
        >
          Add
        </button>
      </div>
      <ul
        class="space-y-2"
        data-testid="ulLits"
      />
      <p
        class="text-gray-500 text-center mt-8"
      >
        No todos yet. Add one above!
      </p>
    </div>
  </div>
</div>
`;
